[INFO] Scanning for projects...
[INFO] 
[INFO] --------------------------< com.example:datn >--------------------------
[INFO] Building datn 0.0.1-SNAPSHOT
[INFO]   from pom.xml
[INFO] --------------------------------[ jar ]---------------------------------
[INFO] 
[INFO] >>> spring-boot:3.5.6:run (default-cli) > test-compile @ datn >>>
[INFO] 
[INFO] --- resources:3.3.1:resources (default-resources) @ datn ---
[INFO] Copying 1 resource from src/main/resources to target/classes
[INFO] Copying 85 resources from src/main/resources to target/classes
[INFO] 
[INFO] --- compiler:3.14.0:compile (default-compile) @ datn ---
[INFO] Nothing to compile - all classes are up to date.
[INFO] 
[INFO] --- resources:3.3.1:testResources (default-testResources) @ datn ---
[INFO] skip non existing resourceDirectory /workspace/datn/src/test/resources
[INFO] 
[INFO] --- compiler:3.14.0:testCompile (default-testCompile) @ datn ---
[INFO] Nothing to compile - all classes are up to date.
[INFO] 
[INFO] <<< spring-boot:3.5.6:run (default-cli) < test-compile @ datn <<<
[INFO] 
[INFO] 
[INFO] --- spring-boot:3.5.6:run (default-cli) @ datn ---
[INFO] Attaching agents: []

  .   ____          _            __ _ _
 /\\ / ___'_ __ _ _(_)_ __  __ _ \ \ \ \
( ( )\___ | '_ | '_| | '_ \/ _` | \ \ \ \
 \\/  ___)| |_)| | | | | || (_| |  ) ) ) )
  '  |____| .__|_| |_|_| |_\__, | / / / /
 =========|_|==============|___/=/_/_/_/

 :: Spring Boot ::                (v3.5.6)

2025-10-16T14:09:16.602Z  INFO 7511 --- [datn] [  restartedMain] com.example.datn.DatnApplication         : Starting DatnApplication using Java 21.0.8 with PID 7511 (/workspace/datn/target/classes started by ubuntu in /workspace/datn)
2025-10-16T14:09:16.604Z  INFO 7511 --- [datn] [  restartedMain] com.example.datn.DatnApplication         : No active profile set, falling back to 1 default profile: "default"
2025-10-16T14:09:16.646Z  INFO 7511 --- [datn] [  restartedMain] .e.DevToolsPropertyDefaultsPostProcessor : Devtools property defaults active! Set 'spring.devtools.add-properties' to 'false' to disable
2025-10-16T14:09:16.646Z  INFO 7511 --- [datn] [  restartedMain] .e.DevToolsPropertyDefaultsPostProcessor : For additional web related logging consider setting the 'logging.level.web' property to 'DEBUG'
2025-10-16T14:09:17.146Z  INFO 7511 --- [datn] [  restartedMain] .s.d.r.c.RepositoryConfigurationDelegate : Bootstrapping Spring Data JPA repositories in DEFAULT mode.
2025-10-16T14:09:17.186Z  INFO 7511 --- [datn] [  restartedMain] .s.d.r.c.RepositoryConfigurationDelegate : Finished Spring Data repository scanning in 34 ms. Found 2 JPA repository interfaces.
2025-10-16T14:09:17.811Z  INFO 7511 --- [datn] [  restartedMain] o.s.b.w.embedded.tomcat.TomcatWebServer  : Tomcat initialized with port 8080 (http)
2025-10-16T14:09:17.830Z  INFO 7511 --- [datn] [  restartedMain] o.apache.catalina.core.StandardService   : Starting service [Tomcat]
2025-10-16T14:09:17.830Z  INFO 7511 --- [datn] [  restartedMain] o.apache.catalina.core.StandardEngine    : Starting Servlet engine: [Apache Tomcat/10.1.46]
2025-10-16T14:09:17.885Z  INFO 7511 --- [datn] [  restartedMain] o.a.c.c.C.[Tomcat].[localhost].[/]       : Initializing Spring embedded WebApplicationContext
2025-10-16T14:09:17.886Z  INFO 7511 --- [datn] [  restartedMain] w.s.c.ServletWebServerApplicationContext : Root WebApplicationContext: initialization completed in 1239 ms
2025-10-16T14:09:18.061Z  INFO 7511 --- [datn] [  restartedMain] o.hibernate.jpa.internal.util.LogHelper  : HHH000204: Processing PersistenceUnitInfo [name: default]
2025-10-16T14:09:18.087Z  INFO 7511 --- [datn] [  restartedMain] org.hibernate.Version                    : HHH000412: Hibernate ORM core version 6.6.29.Final
2025-10-16T14:09:18.104Z  INFO 7511 --- [datn] [  restartedMain] o.h.c.internal.RegionFactoryInitiator    : HHH000026: Second-level cache disabled
2025-10-16T14:09:18.292Z  INFO 7511 --- [datn] [  restartedMain] o.s.o.j.p.SpringPersistenceUnitInfo      : No LoadTimeWeaver setup: ignoring JPA class transformer
2025-10-16T14:09:18.323Z  INFO 7511 --- [datn] [  restartedMain] com.zaxxer.hikari.HikariDataSource       : HikariPool-1 - Starting...
2025-10-16T14:09:18.509Z  INFO 7511 --- [datn] [  restartedMain] com.zaxxer.hikari.pool.HikariPool        : HikariPool-1 - Added connection conn0: url=jdbc:h2:mem:testdb user=SA
2025-10-16T14:09:18.510Z  INFO 7511 --- [datn] [  restartedMain] com.zaxxer.hikari.HikariDataSource       : HikariPool-1 - Start completed.
2025-10-16T14:09:18.533Z  WARN 7511 --- [datn] [  restartedMain] org.hibernate.orm.deprecation            : HHH90000025: H2Dialect does not need to be specified explicitly using 'hibernate.dialect' (remove the property setting and it will be selected by default)
2025-10-16T14:09:18.554Z  INFO 7511 --- [datn] [  restartedMain] org.hibernate.orm.connections.pooling    : HHH10001005: Database info:
	Database JDBC URL [Connecting through datasource 'HikariDataSource (HikariPool-1)']
	Database driver: undefined/unknown
	Database version: 2.3.232
	Autocommit mode: undefined/unknown
	Isolation level: undefined/unknown
	Minimum pool size: undefined/unknown
	Maximum pool size: undefined/unknown
2025-10-16T14:09:19.338Z  INFO 7511 --- [datn] [  restartedMain] o.h.e.t.j.p.i.JtaPlatformInitiator       : HHH000489: No JTA platform available (set 'hibernate.transaction.jta.platform' to enable JTA platform integration)
Hibernate: 
    drop table if exists nhan_vien cascade 
Hibernate: 
    drop table if exists san_pham cascade 
Hibernate: 
    drop table if exists vai_tro cascade 
Hibernate: 
    create table nhan_vien (
        trang_thai boolean,
        id_nhan_vien bigint generated by default as identity,
        id_vai_tro bigint,
        gioi_tinh varchar(10),
        sdt varchar(15),
        ma_nhan_vien varchar(20),
        tai_khoan varchar(50) unique,
        email varchar(100),
        ten_nhan_vien varchar(100),
        dia_chi varchar(255),
        mat_khau varchar(255),
        primary key (id_nhan_vien)
    )
Hibernate: 
    create table san_pham (
        id_san_pham integer generated by default as identity,
        trang_thai boolean,
        ma_san_pham varchar(255),
        mo_ta varchar(255),
        ten_san_pham varchar(255),
        primary key (id_san_pham)
    )
Hibernate: 
    create table vai_tro (
        trang_thai boolean,
        id_vai_tro bigint generated by default as identity,
        ma_vai_tro varchar(20),
        ten_vai_tro varchar(50),
        primary key (id_vai_tro)
    )
Hibernate: 
    alter table if exists nhan_vien 
       add constraint FKgi88o1t6luqmaovqalr30pf7k 
       foreign key (id_vai_tro) 
       references vai_tro
2025-10-16T14:09:19.393Z  INFO 7511 --- [datn] [  restartedMain] j.LocalContainerEntityManagerFactoryBean : Initialized JPA EntityManagerFactory for persistence unit 'default'
2025-10-16T14:09:19.441Z  WARN 7511 --- [datn] [  restartedMain] JpaBaseConfiguration$JpaWebConfiguration : spring.jpa.open-in-view is enabled by default. Therefore, database queries may be performed during view rendering. Explicitly configure spring.jpa.open-in-view to disable this warning
2025-10-16T14:09:19.478Z  WARN 7511 --- [datn] [  restartedMain] .s.s.UserDetailsServiceAutoConfiguration : 

Using generated security password: 6d74889b-7313-4b85-8da2-0de8227276b6

This generated password is for development use only. Your security configuration must be updated before running your application in production.

2025-10-16T14:09:19.485Z  INFO 7511 --- [datn] [  restartedMain] r$InitializeUserDetailsManagerConfigurer : Global AuthenticationManager configured with UserDetailsService bean with name inMemoryUserDetailsManager
2025-10-16T14:09:20.184Z  INFO 7511 --- [datn] [  restartedMain] o.s.b.a.h2.H2ConsoleAutoConfiguration    : H2 console available at '/h2-console'. Database available at 'jdbc:h2:mem:testdb'
2025-10-16T14:09:20.285Z  WARN 7511 --- [datn] [  restartedMain] o.s.b.d.a.OptionalLiveReloadServer       : Unable to start LiveReload server
2025-10-16T14:09:20.304Z  WARN 7511 --- [datn] [  restartedMain] ConfigServletWebServerApplicationContext : Exception encountered during context initialization - cancelling refresh attempt: org.springframework.context.ApplicationContextException: Failed to start bean 'webServerStartStop'
2025-10-16T14:09:20.306Z  INFO 7511 --- [datn] [  restartedMain] j.LocalContainerEntityManagerFactoryBean : Closing JPA EntityManagerFactory for persistence unit 'default'
Hibernate: 
    drop table if exists nhan_vien cascade 
Hibernate: 
    drop table if exists san_pham cascade 
Hibernate: 
    drop table if exists vai_tro cascade 
2025-10-16T14:09:20.314Z  WARN 7511 --- [datn] [  restartedMain] o.s.b.f.support.DisposableBeanAdapter    : Invocation of destroy method failed on bean with name 'inMemoryDatabaseShutdownExecutor': org.h2.jdbc.JdbcSQLNonTransientConnectionException: Database is already closed (to disable automatic closing at VM shutdown, add ";DB_CLOSE_ON_EXIT=FALSE" to the db URL) [90121-232]
2025-10-16T14:09:20.315Z  INFO 7511 --- [datn] [  restartedMain] com.zaxxer.hikari.HikariDataSource       : HikariPool-1 - Shutdown initiated...
2025-10-16T14:09:20.317Z  INFO 7511 --- [datn] [  restartedMain] com.zaxxer.hikari.HikariDataSource       : HikariPool-1 - Shutdown completed.
2025-10-16T14:09:20.329Z  INFO 7511 --- [datn] [  restartedMain] .s.b.a.l.ConditionEvaluationReportLogger : 

Error starting ApplicationContext. To display the condition evaluation report re-run your application with 'debug' enabled.
2025-10-16T14:09:20.347Z ERROR 7511 --- [datn] [  restartedMain] o.s.b.d.LoggingFailureAnalysisReporter   : 

***************************
APPLICATION FAILED TO START
***************************

Description:

Web server failed to start. Port 8080 was already in use.

Action:

Identify and stop the process that's listening on port 8080 or configure this application to listen on another port.

[INFO] ------------------------------------------------------------------------
[INFO] BUILD SUCCESS
[INFO] ------------------------------------------------------------------------
[INFO] Total time:  5.696 s
[INFO] Finished at: 2025-10-16T14:09:20Z
[INFO] ------------------------------------------------------------------------
